// Jest Snapshot v1, https://goo.gl/fbAQLP

exports[`Players Page Add Player Functionality matches snapshot 1`] = `
<div>
  <div
    data-testid="mock-layout"
  >
    <div
      class="flex-col px-4 py-8"
    >
      <h1
        class="text-3xl font-bold mb-8 text-loonsDarkBrown"
      >
        Manage Players
      </h1>
      <div>
        <button
          class="text-lg font-semibold mb-4 rounded bg-loonsRed hover:bg-red-900 text-loonsBeige border border-red-900 w-[200px] h-18 p-3 text-center"
        >
          Add A New Player
        </button>
      </div>
      <div>
        <h2
          class="text-2xl font-semibold mb-4 text-black"
        >
          List of Players
        </h2>
        <div
          class="flex-col text-black mb-4 gap-1"
        >
          <p
            class="text-sm"
          >
            Legend:
          </p>
          <p
            class="text-xxs"
          >
            K: Game knowledge, Sc: Goal Scoring, A: Attack, Md: Midfield, D: Defense, M/S: Mobility/Stamina
          </p>
        </div>
        <div
          class="text-center py-4"
        >
          Loading players...
        </div>
      </div>
    </div>
  </div>
</div>
`;
