// Jest Snapshot v1, https://goo.gl/fbAQLP

exports[`Players Page matches snapshot 1`] = `
<div>
  <div
    data-testid="mock-layout"
  >
    <div
      class="flex-col px-4 py-8"
    >
      <h1
        class="text-3xl font-bold mb-8 text-loonsDarkBrown"
      >
        Manage Players
      </h1>
      <h2
        class="text-lg font-semibold mb-4 rounded bg-loonsRed hover:bg-red-900 text-loonsBeige border border-red-900 w-[200px] h-18 p-3 text-center"
      >
        Add A New Player
      </h2>
      <div>
        <h2
          class="text-2xl font-semibold mb-4 text-loonsDarkBrown"
        >
          List of Players
        </h2>
        <div
          class="grid grid-cols-[repeat(auto-fill,_minmax(350px,_1fr))] gap-2 w-full p-2"
        />
      </div>
    </div>
  </div>
</div>
`;
